> sel <- read.table("Nosp_w_mp/selection.csv",sep=",",header=TRUE)
> sel_nosp <- read.table("Nosp_w_mp_categories/selection_nosp.csv",sep=",",header=TRUE)
> sel_mp <- read.table("Nosp_w_mp_categories/selection_mp.csv",sep=",",header=TRUE)
> sel[2,4:5]
    X0.025.   X0.975.
2 0.4352396 0.5150849
> ribModel:::upper.panel.plot(sel[,3],sel_nosp[,3],sd.x=sel[,4:5],sd.y=sel_nosp[,4:5])
Error in int_abline(a = a, b = b, h = h, v = v, untf = untf, ...) : 
  plot.new has not been called yet
> plot(sel[,3],sel_nosp[,3])
> ribModel:::upper.panel.plot(sel[,3],sel_nosp[,3],sd.x=sel[,4:5],sd.y=sel_nosp[,4:5])
> plot(sel[,3],sel_nosp[,3],main="Selection: No signal peptide gene vs All",xlab="All",ylab="Genes w no signal peptide")
> ribModel:::upper.panel.plot(sel[,3],sel_nosp[,3],sd.x=sel[,4:5],sd.y=sel_nosp[,4:5])
> plot(sel[,3],sel_mp[,3],main="Selection: Mature peptide vs All",xlab="All",ylab="Mature peptide")
> ribModel:::upper.panel.plot(sel[,3],sel_mp[,3],sd.x=sel[,4:5],sd.y=sel_mp[,4:5])
